Microchip MPLAB XC8 Compiler V2.36

Linker command line:

-W-3 --edf=C:\Program Files\Microchip\xc8\v2.36\pic\dat\en_msgs.txt -cn \
  -h+dist/default/production\MorseCodeTranslator.X.production.sym \
  --cmf=dist/default/production\MorseCodeTranslator.X.production.cmf -z \
  -Q16F18345 -oC:\Users\j715c\AppData\Local\Temp\xcAsoic.4 \
  --defsym=__MPLAB_BUILD=1 \
  -Mdist/default/production/MorseCodeTranslator.X.production.map \
  --md=C:\Users\j715c\AppData\Local\Temp\xcAsoic.dat -E1 -ver=XC8 Compiler \
  --acfsm=1493 -ACODE=00h-07FFhx4 -ASTRCODE=00h-01FFFh -ASTRING=00h-0FFhx32 \
  -ACONST=00h-0FFhx32 -AENTRY=00h-0FFhx32 -ACOMMON=070h-07Fh \
  -ABANK0=020h-06Fh -ABANK1=0A0h-0EFh -ABANK2=0120h-016Fh \
  -ABANK3=01A0h-01EFh -ABANK4=0220h-026Fh -ABANK5=02A0h-02EFh \
  -ABANK6=0320h-036Fh -ABANK7=03A0h-03EFh -ABANK8=0420h-046Fh \
  -ABANK9=04A0h-04EFh -ABANK10=0520h-056Fh -ABANK11=05A0h-05EFh \
  -ABANK12=0620h-064Fh -ABIGRAM=02000h-023EFh \
  -ARAM=020h-06Fh,0A0h-0EFh,0120h-016Fh,01A0h-01EFh,0220h-026Fh,02A0h-02EFh,0320h-036Fh,03A0h-03EFh,0420h-046Fh,04A0h-04EFh,0520h-056Fh,05A0h-05EFh,0620h-064Fh \
  -AABS1=020h-07Fh,0A0h-0EFh,0120h-016Fh,01A0h-01EFh,0220h-026Fh,02A0h-02EFh,0320h-036Fh,03A0h-03EFh,0420h-046Fh,04A0h-04EFh,0520h-056Fh,05A0h-05EFh,0620h-064Fh \
  -ASFR0=00h-01Fh -ASFR1=080h-09Fh -ASFR2=0100h-011Fh -ASFR3=0180h-019Fh \
  -ASFR4=0200h-021Fh -ASFR5=0280h-029Fh -ASFR6=0300h-031Fh \
  -ASFR7=0380h-039Fh -ASFR8=0400h-041Fh -ASFR9=0480h-049Fh \
  -ASFR10=0500h-051Fh -ASFR11=0580h-059Fh -ASFR12=0600h-061Fh \
  -ASFR13=0680h-06EFh -ASFR14=0700h-076Fh -ASFR15=0780h-07EFh \
  -ASFR16=0800h-086Fh -ASFR17=0880h-08EFh -ASFR18=0900h-096Fh \
  -ASFR19=0980h-09EFh -ASFR20=0A00h-0A6Fh -ASFR21=0A80h-0AEFh \
  -ASFR22=0B00h-0B6Fh -ASFR23=0B80h-0BEFh -ASFR24=0C00h-0C6Fh \
  -ASFR25=0C80h-0CEFh -ASFR26=0D00h-0D6Fh -ASFR27=0D80h-0DEFh \
  -ASFR28=0E00h-0E6Fh -ASFR29=0E80h-0EEFh -ASFR30=0F00h-0F6Fh \
  -ASFR31=0F80h-0FEFh -ACONFIG=08007h-0800Ah -DCONFIG=2 \
  -AIDLOC=08000h-08003h -DIDLOC=2 -AEEDATA=00h-0FFh/0F000h \
  -peeprom_data=EEDATA -DEEDATA=2 -DCODE=2 -DSTRCODE=2 -DSTRING=2 -DCONST=2 \
  -DENTRY=2 -preset_vec=00h,intentry,init,end_init -ppowerup=CODE \
  -pcinit=CODE -pfunctab=ENTRY -k \
  C:\Users\j715c\AppData\Local\Temp\xcAsoic.o \
  dist/default/production\MorseCodeTranslator.X.production.o 

Object code version is 3.11

Machine type is 16F18345



                Name                               Link     Load   Length Selector   Space Scale
C:\Users\j715c\AppData\Local\Temp\xcAsoic.o
                end_init                              2        2        2        0       0
                reset_vec                             0        0        2        0       0
                config                             8007     8007        4        0       4
                idloc                              8000     8000        4        0       5
dist/default/production\MorseCodeTranslator.X.production.o
                cinit                               7E9      7E9       17      FD2       0
                config                             8007     8007        4        0       4
                idloc                              8000     8000        4        0       5
                text16                              FF4      FF4        3     1FE8       0
                text15                               CF       CF       4E      19E       0
                text14                              FFB      FFB        5     1FF6       0
                text13                               32       32       11       64       0
                text12                               43       43       11       86       0
                text11                              11D      11D       64      23A       0
                text10                               17       17        9       2E       0
                text9                                9B       9B       34      136       0
                text8                                 F        F        8       1E       0
                text7                                67       67       15       CE       0
                text6                                20       20        9       40       0
                text5                               FF7      FF7        4     1FEE       0
                text4                                54       54       13       A8       0
                text3                               3A0      3A0      449      740       0
                text2                                 4        4        5        0       0
                text1                                7C       7C       1F       F8       0
                maintext                            181      181      21F      302       0
                cstackBANK0                          20       20       1E       20       1
                cstackCOMMON                         70       70        B       70       1
                inittext                              9        9        6       12       0
                dataBANK0                            3E       3E        9       20       1
                bssBANK0                             47       47        8       20       1
                stringtext1                        1000     1000        4     2000       0
                idataBANK0                           29       29        9       52       0

TOTAL           Name                               Link     Load   Length     Space
        CLASS   CODE           
                end_init                              2        2        2         0
                cinit                               7E9      7E9       17         0
                reset_vec                             0        0        2         0
                text16                              FF4      FF4        3         0
                text15                               CF       CF       4E         0
                text14                              FFB      FFB        5         0
                text13                               32       32       11         0
                text12                               43       43       11         0
                text11                              11D      11D       64         0
                text10                               17       17        9         0
                text9                                9B       9B       34         0
                text8                                 F        F        8         0
                text7                                67       67       15         0
                text6                                20       20        9         0
                text5                               FF7      FF7        4         0
                text4                                54       54       13         0
                text3                               3A0      3A0      449         0
                text2                                 4        4        5         0
                text1                                7C       7C       1F         0
                maintext                            181      181      21F         0
                inittext                              9        9        6         0
                idataBANK0                           29       29        9         0

        CLASS   STRCODE        
                stringtext1                        1000     1000        4         0

        CLASS   STRING         

        CLASS   CONST          

        CLASS   ENTRY          

        CLASS   COMMON         
                cstackCOMMON                         70       70        B         1

        CLASS   BANK0          
                cstackBANK0                          20       20       1E         1
                dataBANK0                            3E       3E        9         1
                bssBANK0                             47       47        8         1

        CLASS   BANK1          

        CLASS   BANK2          

        CLASS   BANK3          

        CLASS   BANK4          

        CLASS   BANK5          

        CLASS   BANK6          

        CLASS   BANK7          

        CLASS   BANK8          

        CLASS   BANK9          

        CLASS   BANK10         

        CLASS   BANK11         

        CLASS   BANK12         

        CLASS   BIGRAM         

        CLASS   RAM            

        CLASS   ABS1           
                abs_s1                               7E       7E        2         1

        CLASS   SFR0           

        CLASS   SFR1           

        CLASS   SFR2           

        CLASS   SFR3           

        CLASS   SFR4           

        CLASS   SFR5           

        CLASS   SFR6           

        CLASS   SFR7           

        CLASS   SFR8           

        CLASS   SFR9           

        CLASS   SFR10          

        CLASS   SFR11          

        CLASS   SFR12          

        CLASS   SFR13          

        CLASS   SFR14          

        CLASS   SFR15          

        CLASS   SFR16          

        CLASS   SFR17          

        CLASS   SFR18          

        CLASS   SFR19          

        CLASS   SFR20          

        CLASS   SFR21          

        CLASS   SFR22          

        CLASS   SFR23          

        CLASS   SFR24          

        CLASS   SFR25          

        CLASS   SFR26          

        CLASS   SFR27          

        CLASS   SFR28          

        CLASS   SFR29          

        CLASS   SFR30          

        CLASS   SFR31          

        CLASS   CONFIG         
                config                             8007     8007        4         4

        CLASS   IDLOC          
                idloc                              8000     8000        4         5

        CLASS   EEDATA         

        CLASS   BANK31         

        CLASS   BANK30         

        CLASS   BANK29         

        CLASS   BANK28         

        CLASS   BANK27         

        CLASS   BANK26         

        CLASS   BANK25         

        CLASS   BANK24         

        CLASS   BANK23         

        CLASS   BANK22         

        CLASS   BANK21         

        CLASS   BANK20         

        CLASS   BANK19         

        CLASS   BANK18         

        CLASS   BANK17         

        CLASS   BANK16         

        CLASS   BANK15         

        CLASS   BANK14         

        CLASS   BANK13         

        CLASS   HEAP           

        CLASS   STACK          



SEGMENTS        Name                           Load    Length   Top    Selector   Space  Class     Delta

                reset_vec                      000000  000009  000009         0       0  CODE        2
                inittext                       000009  000006  00000F        12       0  CODE        2
                text8                          00000F  000008  000017        1E       0  CODE        2
                cstackBANK0                    000020  00002F  00004F        20       1  BANK0       1
                text10                         000017  000009  000020        2E       0  CODE        2
                text6                          000020  000009  000029        40       0  CODE        2
                idataBANK0                     000029  000009  000032        52       0  CODE        2
                text13                         000032  000011  000043        64       0  CODE        2
                cstackCOMMON                   000070  00000B  00007B        70       1  COMMON      1
                text12                         000043  000011  000054        86       0  CODE        2
                text4                          000054  000013  000067        A8       0  CODE        2
                text7                          000067  000015  00007C        CE       0  CODE        2
                text1                          00007C  00001F  00009B        F8       0  CODE        2
                text9                          00009B  000034  0000CF       136       0  CODE        2
                text15                         0000CF  00004E  00011D       19E       0  CODE        2
                text11                         00011D  000064  000181       23A       0  CODE        2
                maintext                       000181  00021F  0003A0       302       0  CODE        2
                text3                          0003A0  000449  0007E9       740       0  CODE        2
                cinit                          0007E9  000017  000800       FD2       0  CODE        2
                text16                         000FF4  000003  000FF7      1FE8       0  CODE        2
                text5                          000FF7  000004  000FFB      1FEE       0  CODE        2
                text14                         000FFB  000005  001000      1FF6       0  CODE        2
                stringtext1                    001000  000004  001004      2000       0  STRCODE     2


UNUSED ADDRESS RANGES

        Name                Unused          Largest block    Delta
        BANK0            0004F-0006F              21           1
        BANK1            000A0-000EF              50           1
        BANK10           00520-0056F              50           1
        BANK11           005A0-005EF              50           1
        BANK12           00620-0064F              30           1
        BANK2            00120-0016F              50           1
        BANK3            001A0-001EF              50           1
        BANK4            00220-0026F              50           1
        BANK5            002A0-002EF              50           1
        BANK6            00320-0036F              50           1
        BANK7            003A0-003EF              50           1
        BANK8            00420-0046F              50           1
        BANK9            004A0-004EF              50           1
        BIGRAM           02000-023EF             3F0           1
        CODE             00800-00FF3             7F4           2
                         01004-01FFF             7FC
        COMMON           0007B-0007D               3           1
        CONST            00800-00FF3             100           2
                         01004-01FFF             100
        EEDATA           0F000-0F0FF             100           2
        ENTRY            00800-00FF3             100           2
                         01004-01FFF             100
        RAM              0004F-0006F              21           1
                         000A0-000EF              50
                         00120-0016F              50
                         001A0-001EF              50
                         00220-0026F              50
                         002A0-002EF              50
                         00320-0036F              50
                         003A0-003EF              50
                         00420-0046F              50
                         004A0-004EF              50
                         00520-0056F              50
                         005A0-005EF              50
                         00620-0064F              30
        SFR0             00000-0001F              20           1
        SFR1             00080-0009F              20           1
        SFR10            00500-0051F              20           1
        SFR11            00580-0059F              20           1
        SFR12            00600-0061F              20           1
        SFR13            00680-006EF              70           1
        SFR14            00700-0076F              70           1
        SFR15            00780-007EF              70           1
        SFR16            00800-0086F              70           1
        SFR17            00880-008EF              70           1
        SFR18            00900-0096F              70           1
        SFR19            00980-009EF              70           1
        SFR2             00100-0011F              20           1
        SFR20            00A00-00A6F              70           1
        SFR21            00A80-00AEF              70           1
        SFR22            00B00-00B6F              70           1
        SFR23            00B80-00BEF              70           1
        SFR24            00C00-00C6F              70           1
        SFR25            00C80-00CEF              70           1
        SFR26            00D00-00D6F              70           1
        SFR27            00D80-00DEF              70           1
        SFR28            00E00-00E6F              70           1
        SFR29            00E80-00EEF              70           1
        SFR3             00180-0019F              20           1
        SFR30            00F00-00F6F              70           1
        SFR31            00F80-00FEF              70           1
        SFR4             00200-0021F              20           1
        SFR5             00280-0029F              20           1
        SFR6             00300-0031F              20           1
        SFR7             00380-0039F              20           1
        SFR8             00400-0041F              20           1
        SFR9             00480-0049F              20           1
        STRCODE          00800-00FF3             7F4           2
                         01004-01FFF             FFC
        STRING           00800-00FF3             100           2
                         01004-01FFF             100

                                  Symbol Table

?___wmul                          cstackCOMMON 00070
PutColumnVCC@col                  cstackCOMMON 00074
PutRowGND@row                     cstackCOMMON 00074
Render@F7015                      dataBANK0    0003E
Render@col                        cstackBANK0  0002A
Render@reg                        cstackBANK0  00028
Render@row                        cstackBANK0  0002C
Render@rowBytes                   cstackBANK0  00020
SPI1_Open@spi1UniqueConfiguration cstackCOMMON 00073
SPI1_WriteByte@byte               cstackCOMMON 00070
SetChar@c                         cstackCOMMON 00072
SetChar@i                         cstackCOMMON 00074
SetChar@reg                       cstackCOMMON 00073
_ANSELA                           (abs)        0018C
_ANSELB                           (abs)        0018D
_ANSELC                           (abs)        0018E
_INLVLA                           (abs)        0038C
_INLVLB                           (abs)        0038D
_INLVLC                           (abs)        0038E
_LATA                             (abs)        0010C
_LATB                             (abs)        0010D
_LATC                             (abs)        0010E
_LATCbits                         (abs)        0010E
_LEDS                             bssBANK0     00047
_ODCONA                           (abs)        0028C
_ODCONB                           (abs)        0028D
_ODCONC                           (abs)        0028E
_OSCCON1                          (abs)        00919
_OSCCON3                          (abs)        0091B
_OSCEN                            (abs)        0091D
_OSCFRQ                           (abs)        0091F
_OSCILLATOR_Initialize            text10       00017
_OSCTUNE                          (abs)        0091E
_PIN_MANAGER_Initialize           text9        0009B
_PIR0bits                         (abs)        00010
_PIR1bits                         (abs)        00011
_PMD0                             (abs)        00911
_PMD1                             (abs)        00912
_PMD2                             (abs)        00913
_PMD3                             (abs)        00914
_PMD4                             (abs)        00915
_PMD5                             (abs)        00916
_PMD_Initialize                   text8        0000F
_PORTCbits                        (abs)        0000E
_PutColumnVCC                     text13       00032
_PutRowGND                        text12       00043
_RB4PPS                           (abs)        00E9C
_RB7PPS                           (abs)        00E9F
_Render                           text11       0011D
_SLRCONA                          (abs)        0030C
_SLRCONB                          (abs)        0030D
_SLRCONC                          (abs)        0030E
_SPI1_Close                       text16       00FF4
_SPI1_Initialize                  text7        00067
_SPI1_Open                        text15       000CF
_SPI1_WriteByte                   text14       00FFB
_SSP1ADD                          (abs)        00212
_SSP1BUF                          (abs)        00211
_SSP1CLKPPS                       (abs)        00E20
_SSP1CON1                         (abs)        00215
_SSP1CON1bits                     (abs)        00215
_SSP1CON2                         (abs)        00216
_SSP1DATPPS                       (abs)        00E21
_SSP1STAT                         (abs)        00214
_SYSTEM_Initialize                text4        00054
_SetChar                          text3        003A0
_T0CON0                           (abs)        00017
_T0CON0bits                       (abs)        00017
_T0CON1                           (abs)        00018
_TMR0H                            (abs)        00016
_TMR0IF                           (abs)        00085
_TMR0L                            (abs)        00015
_TMR0_HasOverflowOccured          text2        00004
_TMR0_Initialize                  text6        00020
_TRISA                            (abs)        0008C
_TRISB                            (abs)        0008D
_TRISBbits                        (abs)        0008D
_TRISC                            (abs)        0008E
_WDTCON                           (abs)        00097
_WDT_Initialize                   text5        00FF7
_WPUA                             (abs)        0020C
_WPUB                             (abs)        0020D
_WPUC                             (abs)        0020E
__Habs1                           abs1         00000
__Hbank0                          bank0        00000
__Hbank1                          bank1        00000
__Hbank10                         bank10       00000
__Hbank11                         bank11       00000
__Hbank12                         bank12       00000
__Hbank13                         bank13       00000
__Hbank14                         bank14       00000
__Hbank15                         bank15       00000
__Hbank16                         bank16       00000
__Hbank17                         bank17       00000
__Hbank18                         bank18       00000
__Hbank19                         bank19       00000
__Hbank2                          bank2        00000
__Hbank20                         bank20       00000
__Hbank21                         bank21       00000
__Hbank22                         bank22       00000
__Hbank23                         bank23       00000
__Hbank24                         bank24       00000
__Hbank25                         bank25       00000
__Hbank26                         bank26       00000
__Hbank27                         bank27       00000
__Hbank28                         bank28       00000
__Hbank29                         bank29       00000
__Hbank3                          bank3        00000
__Hbank30                         bank30       00000
__Hbank31                         bank31       00000
__Hbank4                          bank4        00000
__Hbank5                          bank5        00000
__Hbank6                          bank6        00000
__Hbank7                          bank7        00000
__Hbank8                          bank8        00000
__Hbank9                          bank9        00000
__Hbigram                         bigram       00000
__HbssBANK0                       bssBANK0     00000
__Hcinit                          cinit        00800
__Hclrtext                        clrtext      00000
__Hcode                           code         00000
__Hcommon                         common       00000
__Hconfig                         config       0800B
__HcstackBANK0                    cstackBANK0  00000
__HcstackCOMMON                   cstackCOMMON 00000
__HdataBANK0                      dataBANK0    00000
__Heeprom_data                    eeprom_data  00000
__Hend_init                       end_init     00004
__Hfunctab                        functab      00000
__Hheap                           heap         00000
__HidataBANK0                     idataBANK0   00000
__Hidloc                          idloc        08004
__Hinit                           init         00002
__Hinittext                       inittext     00000
__Hintentry                       intentry     00002
__Hmaintext                       maintext     00000
__Hpowerup                        powerup      00000
__Hram                            ram          00000
__Hreset_vec                      reset_vec    00002
__Hsfr0                           sfr0         00000
__Hsfr1                           sfr1         00000
__Hsfr10                          sfr10        00000
__Hsfr11                          sfr11        00000
__Hsfr12                          sfr12        00000
__Hsfr13                          sfr13        00000
__Hsfr14                          sfr14        00000
__Hsfr15                          sfr15        00000
__Hsfr16                          sfr16        00000
__Hsfr17                          sfr17        00000
__Hsfr18                          sfr18        00000
__Hsfr19                          sfr19        00000
__Hsfr2                           sfr2         00000
__Hsfr20                          sfr20        00000
__Hsfr21                          sfr21        00000
__Hsfr22                          sfr22        00000
__Hsfr23                          sfr23        00000
__Hsfr24                          sfr24        00000
__Hsfr25                          sfr25        00000
__Hsfr26                          sfr26        00000
__Hsfr27                          sfr27        00000
__Hsfr28                          sfr28        00000
__Hsfr29                          sfr29        00000
__Hsfr3                           sfr3         00000
__Hsfr30                          sfr30        00000
__Hsfr31                          sfr31        00000
__Hsfr4                           sfr4         00000
__Hsfr5                           sfr5         00000
__Hsfr6                           sfr6         00000
__Hsfr7                           sfr7         00000
__Hsfr8                           sfr8         00000
__Hsfr9                           sfr9         00000
__Hspace_0                        (abs)        01004
__Hspace_1                        (abs)        0007B
__Hspace_2                        (abs)        00000
__Hspace_3                        (abs)        00000
__Hspace_4                        (abs)        10012
__Hstack                          stack        00000
__Hstrings                        strings      00000
__Hstringtext1                    stringtext1  00000
__Htext                           text         00000
__Labs1                           abs1         00000
__Lbank0                          bank0        00000
__Lbank1                          bank1        00000
__Lbank10                         bank10       00000
__Lbank11                         bank11       00000
__Lbank12                         bank12       00000
__Lbank13                         bank13       00000
__Lbank14                         bank14       00000
__Lbank15                         bank15       00000
__Lbank16                         bank16       00000
__Lbank17                         bank17       00000
__Lbank18                         bank18       00000
__Lbank19                         bank19       00000
__Lbank2                          bank2        00000
__Lbank20                         bank20       00000
__Lbank21                         bank21       00000
__Lbank22                         bank22       00000
__Lbank23                         bank23       00000
__Lbank24                         bank24       00000
__Lbank25                         bank25       00000
__Lbank26                         bank26       00000
__Lbank27                         bank27       00000
__Lbank28                         bank28       00000
__Lbank29                         bank29       00000
__Lbank3                          bank3        00000
__Lbank30                         bank30       00000
__Lbank31                         bank31       00000
__Lbank4                          bank4        00000
__Lbank5                          bank5        00000
__Lbank6                          bank6        00000
__Lbank7                          bank7        00000
__Lbank8                          bank8        00000
__Lbank9                          bank9        00000
__Lbigram                         bigram       00000
__LbssBANK0                       bssBANK0     00000
__Lcinit                          cinit        007E9
__Lclrtext                        clrtext      00000
__Lcode                           code         00000
__Lcommon                         common       00000
__Lconfig                         config       00000
__LcstackBANK0                    cstackBANK0  00000
__LcstackCOMMON                   cstackCOMMON 00000
__LdataBANK0                      dataBANK0    00000
__Leeprom_data                    eeprom_data  00000
__Lend_init                       end_init     00002
__Lfunctab                        functab      00000
__Lheap                           heap         00000
__LidataBANK0                     idataBANK0   00000
__Lidloc                          idloc        00000
__Linit                           init         00002
__Linittext                       inittext     00000
__Lintentry                       intentry     00002
__Lmaintext                       maintext     00000
__Lpowerup                        powerup      00000
__Lram                            ram          00000
__Lreset_vec                      reset_vec    00000
__Lsfr0                           sfr0         00000
__Lsfr1                           sfr1         00000
__Lsfr10                          sfr10        00000
__Lsfr11                          sfr11        00000
__Lsfr12                          sfr12        00000
__Lsfr13                          sfr13        00000
__Lsfr14                          sfr14        00000
__Lsfr15                          sfr15        00000
__Lsfr16                          sfr16        00000
__Lsfr17                          sfr17        00000
__Lsfr18                          sfr18        00000
__Lsfr19                          sfr19        00000
__Lsfr2                           sfr2         00000
__Lsfr20                          sfr20        00000
__Lsfr21                          sfr21        00000
__Lsfr22                          sfr22        00000
__Lsfr23                          sfr23        00000
__Lsfr24                          sfr24        00000
__Lsfr25                          sfr25        00000
__Lsfr26                          sfr26        00000
__Lsfr27                          sfr27        00000
__Lsfr28                          sfr28        00000
__Lsfr29                          sfr29        00000
__Lsfr3                           sfr3         00000
__Lsfr30                          sfr30        00000
__Lsfr31                          sfr31        00000
__Lsfr4                           sfr4         00000
__Lsfr5                           sfr5         00000
__Lsfr6                           sfr6         00000
__Lsfr7                           sfr7         00000
__Lsfr8                           sfr8         00000
__Lsfr9                           sfr9         00000
__Lspace_0                        (abs)        00000
__Lspace_1                        (abs)        00000
__Lspace_2                        (abs)        00000
__Lspace_3                        (abs)        00000
__Lspace_4                        (abs)        00000
__Lstack                          stack        00000
__Lstrings                        strings      00000
__Lstringtext1                    stringtext1  00000
__Ltext                           text         00000
__S0                              (abs)        01004
__S1                              (abs)        0007B
__S3                              (abs)        00000
___heap_hi                        (abs)        00000
___heap_lo                        (abs)        00000
___int_sp                         stack        00000
___latbits                        (abs)        00002
___sp                             stack        00000
___stackhi                        (abs)        00000
___stacklo                        (abs)        00000
___wmul                           text1        0007C
___wmul@multiplicand              cstackCOMMON 00072
___wmul@multiplier                cstackCOMMON 00070
___wmul@product                   cstackCOMMON 00074
__end_of_OSCILLATOR_Initialize    text10       00020
__end_of_PIN_MANAGER_Initialize   text9        000CF
__end_of_PMD_Initialize           text8        00017
__end_of_PutColumnVCC             text13       00043
__end_of_PutRowGND                text12       00054
__end_of_Render                   text11       00181
__end_of_SPI1_Close               text16       00FF7
__end_of_SPI1_Initialize          text7        0007C
__end_of_SPI1_Open                text15       0011D
__end_of_SPI1_WriteByte           text14       01000
__end_of_SYSTEM_Initialize        text4        00067
__end_of_SetChar                  text3        007E9
__end_of_TMR0_HasOverflowOccured  text2        00009
__end_of_TMR0_Initialize          text6        00029
__end_of_WDT_Initialize           text5        00FFB
__end_of___wmul                   text1        0009B
__end_of__initialization          cinit        007FD
__end_of_main                     maintext     003A0
__end_of_spi1_configuration       stringtext1  01004
__initialization                  cinit        007E9
__pbssBANK0                       bssBANK0     00047
__pcstackBANK0                    cstackBANK0  00020
__pcstackCOMMON                   cstackCOMMON 00070
__pdataBANK0                      dataBANK0    0003E
__pidataBANK0                     idataBANK0   00029
__pmaintext                       maintext     00181
__pstringtext1                    stringtext1  01000
__ptext1                          text1        0007C
__ptext10                         text10       00017
__ptext11                         text11       0011D
__ptext12                         text12       00043
__ptext13                         text13       00032
__ptext14                         text14       00FFB
__ptext15                         text15       000CF
__ptext16                         text16       00FF4
__ptext2                          text2        00004
__ptext3                          text3        003A0
__ptext4                          text4        00054
__ptext5                          text5        00FF7
__ptext6                          text6        00020
__ptext7                          text7        00067
__ptext8                          text8        0000F
__ptext9                          text9        0009B
_main                             maintext     00181
_spi1_configuration               stringtext1  01000
btemp                             (abs)        0007E
end_of_initialization             cinit        007FD
init_ram                          inittext     00009
intlevel0                         functab      00000
intlevel1                         functab      00000
intlevel2                         functab      00000
intlevel3                         functab      00000
intlevel4                         functab      00000
intlevel5                         functab      00000
main@MChar                        cstackBANK0  0002E
main@a                            cstackBANK0  0003B
main@c                            cstackBANK0  00033
main@dashes                       cstackBANK0  00036
main@dots                         cstackBANK0  00037
main@i                            cstackBANK0  0003C
main@msecs                        cstackBANK0  00038
main@pressed                      cstackBANK0  0003D
main@ssecs                        cstackBANK0  00034
main@sum                          cstackBANK0  00039
reset_vec                         reset_vec    00000
start                             init         00002
start_initialization              cinit        007E9
wtemp0                            (abs)        0007E


MODULE INFORMATION

Module		Function		Class		Link	Load	Size
mcc_generated_files/tmr0.c
		_TMR0_HasOverflowOccured		CODE           	0004	0000	5
		_TMR0_Initialize		CODE           	0020	0000	9

mcc_generated_files/tmr0.c estimated size: 14

mcc_generated_files/pin_manager.c
		_PIN_MANAGER_Initialize		CODE           	009B	0000	52

mcc_generated_files/pin_manager.c estimated size: 52

mcc_generated_files/spi1.c
		_SPI1_WriteByte		CODE           	0FFB	0000	5
		_SPI1_Open     		CODE           	00CF	0000	78
		_SPI1_Initialize		CODE           	0067	0000	21
		_SPI1_Close    		CODE           	0FF4	0000	3

mcc_generated_files/spi1.c estimated size: 107

shared
		__initialization		CODE           	07E9	0000	20
		_spi1_configuration		STRCODE        	1000	0000	4

shared estimated size: 24

mcc_generated_files/mcc.c
		_WDT_Initialize		CODE           	0FF7	0000	4
		_PMD_Initialize		CODE           	000F	0000	8
		_OSCILLATOR_Initialize		CODE           	0017	0000	9
		_SYSTEM_Initialize		CODE           	0054	0000	19

mcc_generated_files/mcc.c estimated size: 40

main.c
		_Render        		CODE           	011D	0000	100
		_main          		CODE           	0181	0000	543
		_PutRowGND     		CODE           	0043	0000	17
		_SetChar       		CODE           	03A0	0000	1097
		_PutColumnVCC  		CODE           	0032	0000	17

main.c estimated size: 1774

C:\Program Files\Microchip\xc8\v2.36\pic\sources\c99\common\Umul16.c
		___wmul        		CODE           	007C	0000	31

C:\Program Files\Microchip\xc8\v2.36\pic\sources\c99\common\Umul16.c estimated size: 31

